<?xml version="1.0" encoding="UTF-8"?>
<testsuites>
  <testsuite name="C:\Users\S852362501\Documents\Projects\pnsl-ntm\phpunit.xml" tests="189" assertions="520" errors="0" failures="0" skipped="0" time="210.904983">
    <testsuite name="Unit" tests="8" assertions="17" errors="0" failures="0" skipped="0" time="7.874043">
      <testsuite name="Tests\Unit\EventoServiceTest" file="tests\Unit\EventoServiceTest.php" tests="3" assertions="11" errors="0" failures="0" skipped="0" time="4.124472">
        <testcase name="calculates score correctly" file="tests\Unit\EventoServiceTest.php::calculates score correctly" class="Tests\Unit\EventoServiceTest" classname="Tests.Unit.EventoServiceTest" assertions="1" time="2.509420"/>
        <testcase name="calculates ranking correctly" file="tests\Unit\EventoServiceTest.php::calculates ranking correctly" class="Tests\Unit\EventoServiceTest" classname="Tests.Unit.EventoServiceTest" assertions="3" time="0.814498"/>
        <testcase name="timeline structure" file="tests\Unit\EventoServiceTest.php::timeline structure" class="Tests\Unit\EventoServiceTest" classname="Tests.Unit.EventoServiceTest" assertions="7" time="0.800554"/>
      </testsuite>
      <testsuite name="Tests\Unit\VoluntarioServiceTest" file="tests\Unit\VoluntarioServiceTest.php" tests="5" assertions="6" errors="0" failures="0" skipped="0" time="3.749571">
        <testcase name="candidatura throws validation exception if skill is empty" file="tests\Unit\VoluntarioServiceTest.php::candidatura throws validation exception if skill is empty" class="Tests\Unit\VoluntarioServiceTest" classname="Tests.Unit.VoluntarioServiceTest" assertions="1" time="0.762845"/>
        <testcase name="candidatura throws validation exception if skill is too short" file="tests\Unit\VoluntarioServiceTest.php::candidatura throws validation exception if skill is too short" class="Tests\Unit\VoluntarioServiceTest" classname="Tests.Unit.VoluntarioServiceTest" assertions="1" time="0.725538"/>
        <testcase name="candidatura throws validation exception if skill has repeated chars" file="tests\Unit\VoluntarioServiceTest.php::candidatura throws validation exception if skill has repeated chars" class="Tests\Unit\VoluntarioServiceTest" classname="Tests.Unit.VoluntarioServiceTest" assertions="1" time="0.717590"/>
        <testcase name="candidatura creates voluntario records successfully" file="tests\Unit\VoluntarioServiceTest.php::candidatura creates voluntario records successfully" class="Tests\Unit\VoluntarioServiceTest" classname="Tests.Unit.VoluntarioServiceTest" assertions="1" time="0.752625"/>
        <testcase name="confirmacao promotes voluntario to trabalhador" file="tests\Unit\VoluntarioServiceTest.php::confirmacao promotes voluntario to trabalhador" class="Tests\Unit\VoluntarioServiceTest" classname="Tests.Unit.VoluntarioServiceTest" assertions="2" time="0.790973"/>
      </testsuite>
    </testsuite>
    <testsuite name="Feature" tests="181" assertions="503" errors="0" failures="0" skipped="0" time="203.030939">
      <testsuite name="Tests\Feature\AniversarioTest" file="tests\Feature\AniversarioTest.php" tests="2" assertions="6" errors="0" failures="0" skipped="0" time="1.715720">
        <testcase name="`Comando de console para aniversários (aniversario:enviar)` → envia email apenas a utilizadores com aniversário hoje" file="tests\Feature\AniversarioTest.php::`Comando de console para aniversários (aniversario:enviar)` → envia email apenas a utilizadores com aniversário hoje" class="Tests\Feature\AniversarioTest" classname="Tests.Feature.AniversarioTest" assertions="4" time="0.954033"/>
        <testcase name="`Comando de console para aniversários (aniversario:enviar)` → não envia emails quando não há aniversários hoje" file="tests\Feature\AniversarioTest.php::`Comando de console para aniversários (aniversario:enviar)` → não envia emails quando não há aniversários hoje" class="Tests\Feature\AniversarioTest" classname="Tests.Feature.AniversarioTest" assertions="2" time="0.761687"/>
      </testsuite>
      <testsuite name="Tests\Feature\Auth\AuthenticationTest" file="tests\Feature\Auth\AuthenticationTest.php" tests="4" assertions="12" errors="0" failures="0" skipped="0" time="19.497931">
        <testcase name="login screen can be rendered" file="tests\Feature\Auth\AuthenticationTest.php::login screen can be rendered" class="Tests\Feature\Auth\AuthenticationTest" classname="Tests.Feature.Auth.AuthenticationTest" assertions="1" time="1.471679"/>
        <testcase name="users can authenticate using the login screen" file="tests\Feature\Auth\AuthenticationTest.php::users can authenticate using the login screen" class="Tests\Feature\Auth\AuthenticationTest" classname="Tests.Feature.Auth.AuthenticationTest" assertions="4" time="15.654535"/>
        <testcase name="users can not authenticate with invalid password" file="tests\Feature\Auth\AuthenticationTest.php::users can not authenticate with invalid password" class="Tests\Feature\Auth\AuthenticationTest" classname="Tests.Feature.Auth.AuthenticationTest" assertions="4" time="1.575486"/>
        <testcase name="users can logout" file="tests\Feature\Auth\AuthenticationTest.php::users can logout" class="Tests\Feature\Auth\AuthenticationTest" classname="Tests.Feature.Auth.AuthenticationTest" assertions="3" time="0.796231"/>
      </testsuite>
      <testsuite name="Tests\Feature\Auth\EmailVerificationTest" file="tests\Feature\Auth\EmailVerificationTest.php" tests="3" assertions="6" errors="0" failures="0" skipped="0" time="2.477602">
        <testcase name="email verification screen can be rendered" file="tests\Feature\Auth\EmailVerificationTest.php::email verification screen can be rendered" class="Tests\Feature\Auth\EmailVerificationTest" classname="Tests.Feature.Auth.EmailVerificationTest" assertions="1" time="0.917381"/>
        <testcase name="email can be verified" file="tests\Feature\Auth\EmailVerificationTest.php::email can be verified" class="Tests\Feature\Auth\EmailVerificationTest" classname="Tests.Feature.Auth.EmailVerificationTest" assertions="4" time="0.782547"/>
        <testcase name="email is not verified with invalid hash" file="tests\Feature\Auth\EmailVerificationTest.php::email is not verified with invalid hash" class="Tests\Feature\Auth\EmailVerificationTest" classname="Tests.Feature.Auth.EmailVerificationTest" assertions="1" time="0.777674"/>
      </testsuite>
      <testsuite name="Tests\Feature\Auth\PasswordConfirmationTest" file="tests\Feature\Auth\PasswordConfirmationTest.php" tests="3" assertions="7" errors="0" failures="0" skipped="0" time="2.930299">
        <testcase name="confirm password screen can be rendered" file="tests\Feature\Auth\PasswordConfirmationTest.php::confirm password screen can be rendered" class="Tests\Feature\Auth\PasswordConfirmationTest" classname="Tests.Feature.Auth.PasswordConfirmationTest" assertions="1" time="0.861589"/>
        <testcase name="password can be confirmed" file="tests\Feature\Auth\PasswordConfirmationTest.php::password can be confirmed" class="Tests\Feature\Auth\PasswordConfirmationTest" classname="Tests.Feature.Auth.PasswordConfirmationTest" assertions="3" time="0.918399"/>
        <testcase name="password is not confirmed with invalid password" file="tests\Feature\Auth\PasswordConfirmationTest.php::password is not confirmed with invalid password" class="Tests\Feature\Auth\PasswordConfirmationTest" classname="Tests.Feature.Auth.PasswordConfirmationTest" assertions="3" time="1.150311"/>
      </testsuite>
      <testsuite name="Tests\Feature\Auth\PasswordResetTest" file="tests\Feature\Auth\PasswordResetTest.php" tests="4" assertions="8" errors="0" failures="0" skipped="0" time="5.034253">
        <testcase name="reset password link screen can be rendered" file="tests\Feature\Auth\PasswordResetTest.php::reset password link screen can be rendered" class="Tests\Feature\Auth\PasswordResetTest" classname="Tests.Feature.Auth.PasswordResetTest" assertions="1" time="0.948626"/>
        <testcase name="reset password link can be requested" file="tests\Feature\Auth\PasswordResetTest.php::reset password link can be requested" class="Tests\Feature\Auth\PasswordResetTest" classname="Tests.Feature.Auth.PasswordResetTest" assertions="1" time="1.173960"/>
        <testcase name="reset password screen can be rendered" file="tests\Feature\Auth\PasswordResetTest.php::reset password screen can be rendered" class="Tests\Feature\Auth\PasswordResetTest" classname="Tests.Feature.Auth.PasswordResetTest" assertions="2" time="1.312174"/>
        <testcase name="password can be reset with valid token" file="tests\Feature\Auth\PasswordResetTest.php::password can be reset with valid token" class="Tests\Feature\Auth\PasswordResetTest" classname="Tests.Feature.Auth.PasswordResetTest" assertions="4" time="1.599492"/>
      </testsuite>
      <testsuite name="Tests\Feature\Auth\RegistrationTest" file="tests\Feature\Auth\RegistrationTest.php" tests="2" assertions="5" errors="0" failures="0" skipped="0" time="2.222179">
        <testcase name="registration screen can be rendered" file="tests\Feature\Auth\RegistrationTest.php::registration screen can be rendered" class="Tests\Feature\Auth\RegistrationTest" classname="Tests.Feature.Auth.RegistrationTest" assertions="1" time="0.960112"/>
        <testcase name="new users can register" file="tests\Feature\Auth\RegistrationTest.php::new users can register" class="Tests\Feature\Auth\RegistrationTest" classname="Tests.Feature.Auth.RegistrationTest" assertions="4" time="1.262068"/>
      </testsuite>
      <testsuite name="Tests\Feature\ConfiguracoesControllerTest" file="tests\Feature\ConfiguracoesControllerTest.php" tests="1" assertions="2" errors="0" failures="0" skipped="0" time="2.129343">
        <testcase name="can access configuracoes index" file="tests\Feature\ConfiguracoesControllerTest.php::can access configuracoes index" class="Tests\Feature\ConfiguracoesControllerTest" classname="Tests.Feature.ConfiguracoesControllerTest" assertions="2" time="2.129343"/>
      </testsuite>
      <testsuite name="Tests\Feature\ContatoTest" file="tests\Feature\ContatoTest.php" tests="4" assertions="14" errors="0" failures="0" skipped="0" time="4.051163">
        <testcase name="`Listagem de contatos` → a página de listagem de contatos está acessível e mostra os dados" file="tests\Feature\ContatoTest.php::`Listagem de contatos` → a página de listagem de contatos está acessível e mostra os dados" class="Tests\Feature\ContatoTest" classname="Tests.Feature.ContatoTest" assertions="5" time="1.439867"/>
        <testcase name="`Busca de contatos` → a busca por contatos funciona corretamente" file="tests\Feature\ContatoTest.php::`Busca de contatos` → a busca por contatos funciona corretamente" class="Tests\Feature\ContatoTest" classname="Tests.Feature.ContatoTest" assertions="4" time="1.015028"/>
        <testcase name="`Resolução de contatos` → pode resolver (soft delete) um contato com sucesso" file="tests\Feature\ContatoTest.php::`Resolução de contatos` → pode resolver (soft delete) um contato com sucesso" class="Tests\Feature\ContatoTest" classname="Tests.Feature.ContatoTest" assertions="4" time="0.776662"/>
        <testcase name="`Resolução de contatos` → retorna 404 ao tentar resolver um contato inexistente" file="tests\Feature\ContatoTest.php::`Resolução de contatos` → retorna 404 ao tentar resolver um contato inexistente" class="Tests\Feature\ContatoTest" classname="Tests.Feature.ContatoTest" assertions="1" time="0.819605"/>
      </testsuite>
      <testsuite name="Tests\Feature\DashboardTest" file="tests\Feature\DashboardTest.php" tests="7" assertions="16" errors="0" failures="0" skipped="0" time="7.393370">
        <testcase name="visitante sao direcionados pra pagina de login" file="tests\Feature\DashboardTest.php::visitante sao direcionados pra pagina de login" class="Tests\Feature\DashboardTest" classname="Tests.Feature.DashboardTest" assertions="2" time="0.799822"/>
        <testcase name="usuario autenticados acessam o dashboard" file="tests\Feature\DashboardTest.php::usuario autenticados acessam o dashboard" class="Tests\Feature\DashboardTest" classname="Tests.Feature.DashboardTest" assertions="1" time="1.241553"/>
        <testcase name="dashboard exibe contadores corretos" file="tests\Feature\DashboardTest.php::dashboard exibe contadores corretos" class="Tests\Feature\DashboardTest" classname="Tests.Feature.DashboardTest" assertions="3" time="1.092293"/>
        <testcase name="dashboard exibe proximos eventos" file="tests\Feature\DashboardTest.php::dashboard exibe proximos eventos" class="Tests\Feature\DashboardTest" classname="Tests.Feature.DashboardTest" assertions="3" time="1.064520"/>
        <testcase name="dashboard exibe fichas recentes" file="tests\Feature\DashboardTest.php::dashboard exibe fichas recentes" class="Tests\Feature\DashboardTest" classname="Tests.Feature.DashboardTest" assertions="3" time="0.998468"/>
        <testcase name="dashboard conta participantes unicos" file="tests\Feature\DashboardTest.php::dashboard conta participantes unicos" class="Tests\Feature\DashboardTest" classname="Tests.Feature.DashboardTest" assertions="2" time="1.034565"/>
        <testcase name="dashboard conta trabalhadores unicos" file="tests\Feature\DashboardTest.php::dashboard conta trabalhadores unicos" class="Tests\Feature\DashboardTest" classname="Tests.Feature.DashboardTest" assertions="2" time="1.162149"/>
      </testsuite>
      <testsuite name="Tests\Feature\EventoTest" file="tests\Feature\EventoTest.php" tests="50" assertions="125" errors="0" failures="0" skipped="0" time="51.260829">
        <testcase name="`EventoService - Timeline` → retorna timeline vazia para pessoa sem eventos" file="tests\Feature\EventoTest.php::`EventoService - Timeline` → retorna timeline vazia para pessoa sem eventos" class="Tests\Feature\EventoTest" classname="Tests.Feature.EventoTest" assertions="2" time="0.904257"/>
        <testcase name="`EventoService - Timeline` → retorna eventos de trabalhador na timeline corretamente" file="tests\Feature\EventoTest.php::`EventoService - Timeline` → retorna eventos de trabalhador na timeline corretamente" class="Tests\Feature\EventoTest" classname="Tests.Feature.EventoTest" assertions="5" time="1.017905"/>
        <testcase name="`EventoService - Timeline` → retorna eventos de participante na timeline corretamente" file="tests\Feature\EventoTest.php::`EventoService - Timeline` → retorna eventos de participante na timeline corretamente" class="Tests\Feature\EventoTest" classname="Tests.Feature.EventoTest" assertions="2" time="0.863825"/>
        <testcase name="`EventoService - Timeline` → agrupa eventos por década e ano corretamente" file="tests\Feature\EventoTest.php::`EventoService - Timeline` → agrupa eventos por década e ano corretamente" class="Tests\Feature\EventoTest" classname="Tests.Feature.EventoTest" assertions="3" time="0.884188"/>
        <testcase name="`EventoService - Timeline` → ordena eventos por data decrescente" file="tests\Feature\EventoTest.php::`EventoService - Timeline` → ordena eventos por data decrescente" class="Tests\Feature\EventoTest" classname="Tests.Feature.EventoTest" assertions="2" time="0.904631"/>
        <testcase name="calcula pontuação correta para primeiro evento" file="tests\Feature\EventoTest.php::calcula pontuação correta para primeiro evento" class="Tests\Feature\EventoTest" classname="Tests.Feature.EventoTest" assertions="1" time="1.075438"/>
        <testcase name="calcula pontuação correta para trabalhador coordenador" file="tests\Feature\EventoTest.php::calcula pontuação correta para trabalhador coordenador" class="Tests\Feature\EventoTest" classname="Tests.Feature.EventoTest" assertions="1" time="0.881741"/>
        <testcase name="calcula pontuação correta para múltiplos eventos" file="tests\Feature\EventoTest.php::calcula pontuação correta para múltiplos eventos" class="Tests\Feature\EventoTest" classname="Tests.Feature.EventoTest" assertions="1" time="0.887838"/>
        <testcase name="não adiciona bônus de primeiro evento para eventos subsequentes" file="tests\Feature\EventoTest.php::não adiciona bônus de primeiro evento para eventos subsequentes" class="Tests\Feature\EventoTest" classname="Tests.Feature.EventoTest" assertions="1" time="0.907025"/>
        <testcase name="lida com empates no ranking corretamente" file="tests\Feature\EventoTest.php::lida com empates no ranking corretamente" class="Tests\Feature\EventoTest" classname="Tests.Feature.EventoTest" assertions="2" time="0.954587"/>
        <testcase name="ranking reflete pontuação corretamente" file="tests\Feature\EventoTest.php::ranking reflete pontuação corretamente" class="Tests\Feature\EventoTest" classname="Tests.Feature.EventoTest" assertions="2" time="0.961310"/>
        <testcase name="`EventoService - Upload de Foto` → faz upload de foto corretamente" file="tests\Feature\EventoTest.php::`EventoService - Upload de Foto` → faz upload de foto corretamente" class="Tests\Feature\EventoTest" classname="Tests.Feature.EventoTest" assertions="2" time="0.909610"/>
        <testcase name="`EventoService - Upload de Foto` → substitui foto existente ao fazer novo upload" file="tests\Feature\EventoTest.php::`EventoService - Upload de Foto` → substitui foto existente ao fazer novo upload" class="Tests\Feature\EventoTest" classname="Tests.Feature.EventoTest" assertions="1" time="0.920305"/>
        <testcase name="`EventoService - Upload de Foto` → não faz nada quando arquivo é null" file="tests\Feature\EventoTest.php::`EventoService - Upload de Foto` → não faz nada quando arquivo é null" class="Tests\Feature\EventoTest" classname="Tests.Feature.EventoTest" assertions="1" time="1.024323"/>
        <testcase name="`EventoService - Exclusão` → exclui evento sem foto corretamente" file="tests\Feature\EventoTest.php::`EventoService - Exclusão` → exclui evento sem foto corretamente" class="Tests\Feature\EventoTest" classname="Tests.Feature.EventoTest" assertions="1" time="1.135448"/>
        <testcase name="`EventoService - Exclusão` → exclui evento com foto corretamente" file="tests\Feature\EventoTest.php::`EventoService - Exclusão` → exclui evento com foto corretamente" class="Tests\Feature\EventoTest" classname="Tests.Feature.EventoTest" assertions="1" time="0.998100"/>
        <testcase name="`EventoService - Participação` → confirma participação corretamente" file="tests\Feature\EventoTest.php::`EventoService - Participação` → confirma participação corretamente" class="Tests\Feature\EventoTest" classname="Tests.Feature.EventoTest" assertions="1" time="0.879248"/>
        <testcase name="`EventoService - Participação` → retorna eventos inscritos corretamente" file="tests\Feature\EventoTest.php::`EventoService - Participação` → retorna eventos inscritos corretamente" class="Tests\Feature\EventoTest" classname="Tests.Feature.EventoTest" assertions="4" time="0.888878"/>
        <testcase name="`EventoController - Index` → exibe listagem de eventos para usuário autenticado" file="tests\Feature\EventoTest.php::`EventoController - Index` → exibe listagem de eventos para usuário autenticado" class="Tests\Feature\EventoTest" classname="Tests.Feature.EventoTest" assertions="4" time="1.256356"/>
        <testcase name="`EventoController - Index` → exibe o ícone e o texto de informações quando txt_informacao está preenchido" file="tests\Feature\EventoTest.php::`EventoController - Index` → exibe o ícone e o texto de informações quando txt_informacao está preenchido" class="Tests\Feature\EventoTest" classname="Tests.Feature.EventoTest" assertions="3" time="1.279709"/>
        <testcase name="`EventoController - Index` → exibe listagem de eventos para usuário não autenticado" file="tests\Feature\EventoTest.php::`EventoController - Index` → exibe listagem de eventos para usuário não autenticado" class="Tests\Feature\EventoTest" classname="Tests.Feature.EventoTest" assertions="2" time="1.139270"/>
        <testcase name="`EventoController - Index` → filtra eventos por busca corretamente" file="tests\Feature\EventoTest.php::`EventoController - Index` → filtra eventos por busca corretamente" class="Tests\Feature\EventoTest" classname="Tests.Feature.EventoTest" assertions="3" time="1.437105"/>
        <testcase name="`EventoController - Index` → mantém parâmetros de busca na paginação" file="tests\Feature\EventoTest.php::`EventoController - Index` → mantém parâmetros de busca na paginação" class="Tests\Feature\EventoTest" classname="Tests.Feature.EventoTest" assertions="2" time="1.185241"/>
        <testcase name="`EventoController - Show` → carrega foto do evento quando presente" file="tests\Feature\EventoTest.php::`EventoController - Show` → carrega foto do evento quando presente" class="Tests\Feature\EventoTest" classname="Tests.Feature.EventoTest" assertions="2" time="1.227927"/>
        <testcase name="`EventoController - Create` → exibe formulário de criação" file="tests\Feature\EventoTest.php::`EventoController - Create` → exibe formulário de criação" class="Tests\Feature\EventoTest" classname="Tests.Feature.EventoTest" assertions="4" time="1.131087"/>
        <testcase name="`EventoController - Create` → carrega todos os movimentos disponíveis" file="tests\Feature\EventoTest.php::`EventoController - Create` → carrega todos os movimentos disponíveis" class="Tests\Feature\EventoTest" classname="Tests.Feature.EventoTest" assertions="1" time="1.323288"/>
        <testcase name="`EventoController - Store` → cria evento com dados válidos" file="tests\Feature\EventoTest.php::`EventoController - Store` → cria evento com dados válidos" class="Tests\Feature\EventoTest" classname="Tests.Feature.EventoTest" assertions="4" time="1.001196"/>
        <testcase name="`EventoController - Store` → cria evento com foto" file="tests\Feature\EventoTest.php::`EventoController - Store` → cria evento com foto" class="Tests\Feature\EventoTest" classname="Tests.Feature.EventoTest" assertions="4" time="0.983768"/>
        <testcase name="`EventoController - Store` → falha com dados inválidos" file="tests\Feature\EventoTest.php::`EventoController - Store` → falha com dados inválidos" class="Tests\Feature\EventoTest" classname="Tests.Feature.EventoTest" assertions="3" time="0.927467"/>
        <testcase name="`EventoController - Edit` → exibe formulário de edição" file="tests\Feature\EventoTest.php::`EventoController - Edit` → exibe formulário de edição" class="Tests\Feature\EventoTest" classname="Tests.Feature.EventoTest" assertions="4" time="1.307466"/>
        <testcase name="`EventoController - Edit` → carrega foto do evento para edição" file="tests\Feature\EventoTest.php::`EventoController - Edit` → carrega foto do evento para edição" class="Tests\Feature\EventoTest" classname="Tests.Feature.EventoTest" assertions="1" time="1.445401"/>
        <testcase name="`EventoController - Update` → atualiza evento com dados válidos" file="tests\Feature\EventoTest.php::`EventoController - Update` → atualiza evento com dados válidos" class="Tests\Feature\EventoTest" classname="Tests.Feature.EventoTest" assertions="5" time="0.998639"/>
        <testcase name="`EventoController - Update` → atualiza foto do evento" file="tests\Feature\EventoTest.php::`EventoController - Update` → atualiza foto do evento" class="Tests\Feature\EventoTest" classname="Tests.Feature.EventoTest" assertions="4" time="0.984388"/>
        <testcase name="`EventoController - Update` → não atualiza evento com dados inválidos" file="tests\Feature\EventoTest.php::`EventoController - Update` → não atualiza evento com dados inválidos" class="Tests\Feature\EventoTest" classname="Tests.Feature.EventoTest" assertions="7" time="0.939613"/>
        <testcase name="`EventoController - Destroy` → exclui evento sem relacionamentos" file="tests\Feature\EventoTest.php::`EventoController - Destroy` → exclui evento sem relacionamentos" class="Tests\Feature\EventoTest" classname="Tests.Feature.EventoTest" assertions="4" time="1.112130"/>
        <testcase name="`EventoController - Destroy` → exclui evento e seus participantes em cascata" file="tests\Feature\EventoTest.php::`EventoController - Destroy` → exclui evento e seus participantes em cascata" class="Tests\Feature\EventoTest" classname="Tests.Feature.EventoTest" assertions="5" time="1.018465"/>
        <testcase name="`EventoController - Destroy` → exclui foto junto com evento" file="tests\Feature\EventoTest.php::`EventoController - Destroy` → exclui foto junto com evento" class="Tests\Feature\EventoTest" classname="Tests.Feature.EventoTest" assertions="3" time="1.308925"/>
        <testcase name="`EventoController - Confirm` → confirma participação em evento" file="tests\Feature\EventoTest.php::`EventoController - Confirm` → confirma participação em evento" class="Tests\Feature\EventoTest" classname="Tests.Feature.EventoTest" assertions="4" time="0.949877"/>
        <testcase name="`EventoController - Timeline` → exibe timeline para usuário autenticado" file="tests\Feature\EventoTest.php::`EventoController - Timeline` → exibe timeline para usuário autenticado" class="Tests\Feature\EventoTest" classname="Tests.Feature.EventoTest" assertions="6" time="1.252298"/>
        <testcase name="`EventoController - Timeline` → requer autenticação para acessar timeline" file="tests\Feature\EventoTest.php::`EventoController - Timeline` → requer autenticação para acessar timeline" class="Tests\Feature\EventoTest" classname="Tests.Feature.EventoTest" assertions="1" time="0.910278"/>
        <testcase name="`Evento Model` → tem atributos fillable corretos" file="tests\Feature\EventoTest.php::`Evento Model` → tem atributos fillable corretos" class="Tests\Feature\EventoTest" classname="Tests.Feature.EventoTest" assertions="1" time="0.830828"/>
        <testcase name="`Evento Model` → faz cast de datas corretamente" file="tests\Feature\EventoTest.php::`Evento Model` → faz cast de datas corretamente" class="Tests\Feature\EventoTest" classname="Tests.Feature.EventoTest" assertions="2" time="1.086338"/>
        <testcase name="`Evento Model` → busca por descrição do evento" file="tests\Feature\EventoTest.php::`Evento Model` → busca por descrição do evento" class="Tests\Feature\EventoTest" classname="Tests.Feature.EventoTest" assertions="2" time="0.840542"/>
        <testcase name="`Evento Model` → busca por número do evento" file="tests\Feature\EventoTest.php::`Evento Model` → busca por número do evento" class="Tests\Feature\EventoTest" classname="Tests.Feature.EventoTest" assertions="2" time="0.906591"/>
        <testcase name="`Evento Model` → busca é case insensitive" file="tests\Feature\EventoTest.php::`Evento Model` → busca é case insensitive" class="Tests\Feature\EventoTest" classname="Tests.Feature.EventoTest" assertions="1" time="1.048605"/>
        <testcase name="`Evento Model` → relacionamento com movimento funciona" file="tests\Feature\EventoTest.php::`Evento Model` → relacionamento com movimento funciona" class="Tests\Feature\EventoTest" classname="Tests.Feature.EventoTest" assertions="2" time="0.900460"/>
        <testcase name="`Evento Model` → relacionamento com foto funciona" file="tests\Feature\EventoTest.php::`Evento Model` → relacionamento com foto funciona" class="Tests\Feature\EventoTest" classname="Tests.Feature.EventoTest" assertions="2" time="0.898855"/>
        <testcase name="`EventoFoto Model` → usa timestamps" file="tests\Feature\EventoTest.php::`EventoFoto Model` → usa timestamps" class="Tests\Feature\EventoTest" classname="Tests.Feature.EventoTest" assertions="1" time="0.879378"/>
        <testcase name="`EventoFoto Model` → tem atributos fillable corretos" file="tests\Feature\EventoTest.php::`EventoFoto Model` → tem atributos fillable corretos" class="Tests\Feature\EventoTest" classname="Tests.Feature.EventoTest" assertions="1" time="0.879618"/>
        <testcase name="`EventoFoto Model` → relacionamento com evento funciona" file="tests\Feature\EventoTest.php::`EventoFoto Model` → relacionamento com evento funciona" class="Tests\Feature\EventoTest" classname="Tests.Feature.EventoTest" assertions="2" time="0.871066"/>
      </testsuite>
      <testsuite name="Tests\Feature\FichaSGMTest" file="tests\Feature\FichaSGMTest.php" tests="8" assertions="27" errors="0" failures="0" skipped="0" time="8.010372">
        <testcase name="`FichaSGMController` → pode acessar listagem de fichas sgm" file="tests\Feature\FichaSGMTest.php::`FichaSGMController` → pode acessar listagem de fichas sgm" class="Tests\Feature\FichaSGMTest" classname="Tests.Feature.FichaSGMTest" assertions="3" time="1.326906"/>
        <testcase name="`FichaSGMController` → pode acessar formulario de criacao" file="tests\Feature\FichaSGMTest.php::`FichaSGMController` → pode acessar formulario de criacao" class="Tests\Feature\FichaSGMTest" classname="Tests.Feature.FichaSGMTest" assertions="2" time="1.090823"/>
        <testcase name="`FichaSGMController` → pode criar ficha sgm com dados validos" file="tests\Feature\FichaSGMTest.php::`FichaSGMController` → pode criar ficha sgm com dados validos" class="Tests\Feature\FichaSGMTest" classname="Tests.Feature.FichaSGMTest" assertions="5" time="0.816876"/>
        <testcase name="`FichaSGMController` → pode visualizar ficha sgm" file="tests\Feature\FichaSGMTest.php::`FichaSGMController` → pode visualizar ficha sgm" class="Tests\Feature\FichaSGMTest" classname="Tests.Feature.FichaSGMTest" assertions="2" time="1.046112"/>
        <testcase name="`FichaSGMController` → pode editar ficha sgm" file="tests\Feature\FichaSGMTest.php::`FichaSGMController` → pode editar ficha sgm" class="Tests\Feature\FichaSGMTest" classname="Tests.Feature.FichaSGMTest" assertions="2" time="1.288191"/>
        <testcase name="`FichaSGMController` → pode atualizar ficha sgm" file="tests\Feature\FichaSGMTest.php::`FichaSGMController` → pode atualizar ficha sgm" class="Tests\Feature\FichaSGMTest" classname="Tests.Feature.FichaSGMTest" assertions="5" time="0.810220"/>
        <testcase name="`FichaSGMController` → pode aprovar ficha sgm" file="tests\Feature\FichaSGMTest.php::`FichaSGMController` → pode aprovar ficha sgm" class="Tests\Feature\FichaSGMTest" classname="Tests.Feature.FichaSGMTest" assertions="4" time="0.828946"/>
        <testcase name="`FichaSGMController` → pode excluir ficha sgm" file="tests\Feature\FichaSGMTest.php::`FichaSGMController` → pode excluir ficha sgm" class="Tests\Feature\FichaSGMTest" classname="Tests.Feature.FichaSGMTest" assertions="4" time="0.802298"/>
      </testsuite>
      <testsuite name="Tests\Feature\FichaTest" file="tests\Feature\FichaTest.php" tests="23" assertions="84" errors="0" failures="0" skipped="0" time="24.415990">
        <testcase name="`Cadastro de Ficha VEM` → pode acessar página de criação de ficha VEM" file="tests\Feature\FichaTest.php::`Cadastro de Ficha VEM` → pode acessar página de criação de ficha VEM" class="Tests\Feature\FichaTest" classname="Tests.Feature.FichaTest" assertions="5" time="1.356965"/>
        <testcase name="`Cadastro de Ficha VEM` → pode criar ficha VEM com dados obrigatórios" file="tests\Feature\FichaTest.php::`Cadastro de Ficha VEM` → pode criar ficha VEM com dados obrigatórios" class="Tests\Feature\FichaTest" classname="Tests.Feature.FichaTest" assertions="4" time="0.907744"/>
        <testcase name="`Cadastro de Ficha VEM` → pode criar ficha VEM com dados dos pais" file="tests\Feature\FichaTest.php::`Cadastro de Ficha VEM` → pode criar ficha VEM com dados dos pais" class="Tests\Feature\FichaTest" classname="Tests.Feature.FichaTest" assertions="3" time="0.942962"/>
        <testcase name="`Cadastro de Ficha VEM` → pode criar ficha VEM com restrições de saúde" file="tests\Feature\FichaTest.php::`Cadastro de Ficha VEM` → pode criar ficha VEM com restrições de saúde" class="Tests\Feature\FichaTest" classname="Tests.Feature.FichaTest" assertions="4" time="0.889606"/>
        <testcase name="`Cadastro de Ficha VEM` → falha ao criar ficha VEM sem dados obrigatórios" file="tests\Feature\FichaTest.php::`Cadastro de Ficha VEM` → falha ao criar ficha VEM sem dados obrigatórios" class="Tests\Feature\FichaTest" classname="Tests.Feature.FichaTest" assertions="9" time="0.880521"/>
        <testcase name="`Cadastro de Ficha VEM` → pode visualizar ficha VEM criada" file="tests\Feature\FichaTest.php::`Cadastro de Ficha VEM` → pode visualizar ficha VEM criada" class="Tests\Feature\FichaTest" classname="Tests.Feature.FichaTest" assertions="2" time="1.295509"/>
        <testcase name="`Cadastro de Ficha VEM` → pode atualizar ficha VEM" file="tests\Feature\FichaTest.php::`Cadastro de Ficha VEM` → pode atualizar ficha VEM" class="Tests\Feature\FichaTest" classname="Tests.Feature.FichaTest" assertions="4" time="0.970969"/>
        <testcase name="`Cadastro de Ficha ECC` → pode acessar página de criação de ficha ECC" file="tests\Feature\FichaTest.php::`Cadastro de Ficha ECC` → pode acessar página de criação de ficha ECC" class="Tests\Feature\FichaTest" classname="Tests.Feature.FichaTest" assertions="5" time="1.244731"/>
        <testcase name="`Cadastro de Ficha ECC` → pode criar ficha ECC com dados obrigatórios" file="tests\Feature\FichaTest.php::`Cadastro de Ficha ECC` → pode criar ficha ECC com dados obrigatórios" class="Tests\Feature\FichaTest" classname="Tests.Feature.FichaTest" assertions="4" time="0.964377"/>
        <testcase name="`Cadastro de Ficha ECC` → pode criar ficha ECC com dados do cônjuge" file="tests\Feature\FichaTest.php::`Cadastro de Ficha ECC` → pode criar ficha ECC com dados do cônjuge" class="Tests\Feature\FichaTest" classname="Tests.Feature.FichaTest" assertions="3" time="0.940338"/>
        <testcase name="`Cadastro de Ficha ECC` → pode criar ficha ECC com restrições de saúde" file="tests\Feature\FichaTest.php::`Cadastro de Ficha ECC` → pode criar ficha ECC com restrições de saúde" class="Tests\Feature\FichaTest" classname="Tests.Feature.FichaTest" assertions="4" time="0.969500"/>
        <testcase name="`Cadastro de Ficha ECC` → falha ao criar ficha ECC com dados do cônjuge incompletos" file="tests\Feature\FichaTest.php::`Cadastro de Ficha ECC` → falha ao criar ficha ECC com dados do cônjuge incompletos" class="Tests\Feature\FichaTest" classname="Tests.Feature.FichaTest" assertions="4" time="0.954928"/>
        <testcase name="`Cadastro de Ficha ECC` → pode atualizar ficha ECC existente" file="tests\Feature\FichaTest.php::`Cadastro de Ficha ECC` → pode atualizar ficha ECC existente" class="Tests\Feature\FichaTest" classname="Tests.Feature.FichaTest" assertions="5" time="1.227019"/>
        <testcase name="`Cadastro de Ficha ECC` → pode deletar ficha ECC" file="tests\Feature\FichaTest.php::`Cadastro de Ficha ECC` → pode deletar ficha ECC" class="Tests\Feature\FichaTest" classname="Tests.Feature.FichaTest" assertions="4" time="0.912219"/>
        <testcase name="`Listagem de Fichas` → pode listar fichas VEM" file="tests\Feature\FichaTest.php::`Listagem de Fichas` → pode listar fichas VEM" class="Tests\Feature\FichaTest" classname="Tests.Feature.FichaTest" assertions="3" time="1.195067"/>
        <testcase name="`Listagem de Fichas` → pode buscar fichas VEM por nome" file="tests\Feature\FichaTest.php::`Listagem de Fichas` → pode buscar fichas VEM por nome" class="Tests\Feature\FichaTest" classname="Tests.Feature.FichaTest" assertions="3" time="1.093656"/>
        <testcase name="`Listagem de Fichas` → pode filtrar fichas ECC por evento" file="tests\Feature\FichaTest.php::`Listagem de Fichas` → pode filtrar fichas ECC por evento" class="Tests\Feature\FichaTest" classname="Tests.Feature.FichaTest" assertions="3" time="1.188877"/>
        <testcase name="`Aprovação de Fichas` → pode aprovar ficha VEM" file="tests\Feature\FichaTest.php::`Aprovação de Fichas` → pode aprovar ficha VEM" class="Tests\Feature\FichaTest" classname="Tests.Feature.FichaTest" assertions="4" time="1.248621"/>
        <testcase name="`Aprovação de Fichas` → pode desaprovar ficha ECC aprovada" file="tests\Feature\FichaTest.php::`Aprovação de Fichas` → pode desaprovar ficha ECC aprovada" class="Tests\Feature\FichaTest" classname="Tests.Feature.FichaTest" assertions="3" time="0.963694"/>
        <testcase name="`Validações de Dados` → valida email obrigatório e formato" file="tests\Feature\FichaTest.php::`Validações de Dados` → valida email obrigatório e formato" class="Tests\Feature\FichaTest" classname="Tests.Feature.FichaTest" assertions="2" time="1.198916"/>
        <testcase name="`Validações de Dados` → valida data de nascimento" file="tests\Feature\FichaTest.php::`Validações de Dados` → valida data de nascimento" class="Tests\Feature\FichaTest" classname="Tests.Feature.FichaTest" assertions="2" time="0.951957"/>
        <testcase name="`Validações de Dados` → valida consentimento obrigatório" file="tests\Feature\FichaTest.php::`Validações de Dados` → valida consentimento obrigatório" class="Tests\Feature\FichaTest" classname="Tests.Feature.FichaTest" assertions="2" time="0.925747"/>
        <testcase name="`Validações de Dados` → valida existência do evento" file="tests\Feature\FichaTest.php::`Validações de Dados` → valida existência do evento" class="Tests\Feature\FichaTest" classname="Tests.Feature.FichaTest" assertions="2" time="1.192065"/>
      </testsuite>
      <testsuite name="Tests\Feature\HomeTest" file="tests\Feature\HomeTest.php" tests="6" assertions="15" errors="0" failures="0" skipped="0" time="5.630283">
        <testcase name="visitante pode acessar pagina inicial" file="tests\Feature\HomeTest.php::visitante pode acessar pagina inicial" class="Tests\Feature\HomeTest" classname="Tests.Feature.HomeTest" assertions="2" time="1.089590"/>
        <testcase name="pagina inicial exibe informacoes da organizacao" file="tests\Feature\HomeTest.php::pagina inicial exibe informacoes da organizacao" class="Tests\Feature\HomeTest" classname="Tests.Feature.HomeTest" assertions="3" time="0.921587"/>
        <testcase name="pagina inicial exibe movimentos" file="tests\Feature\HomeTest.php::pagina inicial exibe movimentos" class="Tests\Feature\HomeTest" classname="Tests.Feature.HomeTest" assertions="4" time="0.899412"/>
        <testcase name="visitante nao autenticado permanece na home" file="tests\Feature\HomeTest.php::visitante nao autenticado permanece na home" class="Tests\Feature\HomeTest" classname="Tests.Feature.HomeTest" assertions="2" time="0.893388"/>
        <testcase name="pagina inicial possui titulo correto" file="tests\Feature\HomeTest.php::pagina inicial possui titulo correto" class="Tests\Feature\HomeTest" classname="Tests.Feature.HomeTest" assertions="2" time="0.894607"/>
        <testcase name="pagina inicial e responsiva" file="tests\Feature\HomeTest.php::pagina inicial e responsiva" class="Tests\Feature\HomeTest" classname="Tests.Feature.HomeTest" assertions="2" time="0.931700"/>
      </testsuite>
      <testsuite name="Tests\Feature\ParticipanteTest" file="tests\Feature\ParticipanteTest.php" tests="8" assertions="20" errors="0" failures="0" skipped="0" time="8.300678">
        <testcase name="usuario pode listar participantes" file="tests\Feature\ParticipanteTest.php::usuario pode listar participantes" class="Tests\Feature\ParticipanteTest" classname="Tests.Feature.ParticipanteTest" assertions="3" time="1.267584"/>
        <testcase name="usuario pode filtrar participantes por evento" file="tests\Feature\ParticipanteTest.php::usuario pode filtrar participantes por evento" class="Tests\Feature\ParticipanteTest" classname="Tests.Feature.ParticipanteTest" assertions="2" time="1.145458"/>
        <testcase name="usuario pode buscar participantes por nome" file="tests\Feature\ParticipanteTest.php::usuario pode buscar participantes por nome" class="Tests\Feature\ParticipanteTest" classname="Tests.Feature.ParticipanteTest" assertions="2" time="1.338333"/>
        <testcase name="usuario pode atualizar cor de troca de participantes" file="tests\Feature\ParticipanteTest.php::usuario pode atualizar cor de troca de participantes" class="Tests\Feature\ParticipanteTest" classname="Tests.Feature.ParticipanteTest" assertions="3" time="0.871458"/>
        <testcase name="usuario pode atualizar multiplas trocas de uma vez" file="tests\Feature\ParticipanteTest.php::usuario pode atualizar multiplas trocas de uma vez" class="Tests\Feature\ParticipanteTest" classname="Tests.Feature.ParticipanteTest" assertions="4" time="0.921449"/>
        <testcase name="change funciona mesmo sem trocas enviadas" file="tests\Feature\ParticipanteTest.php::change funciona mesmo sem trocas enviadas" class="Tests\Feature\ParticipanteTest" classname="Tests.Feature.ParticipanteTest" assertions="2" time="0.866020"/>
        <testcase name="visitante nao pode acessar lista de participantes" file="tests\Feature\ParticipanteTest.php::visitante nao pode acessar lista de participantes" class="Tests\Feature\ParticipanteTest" classname="Tests.Feature.ParticipanteTest" assertions="2" time="0.902353"/>
        <testcase name="visitante nao pode atualizar trocas" file="tests\Feature\ParticipanteTest.php::visitante nao pode atualizar trocas" class="Tests\Feature\ParticipanteTest" classname="Tests.Feature.ParticipanteTest" assertions="2" time="0.988023"/>
      </testsuite>
      <testsuite name="Tests\Feature\PessoaTest" file="tests\Feature\PessoaTest.php" tests="12" assertions="48" errors="0" failures="0" skipped="0" time="12.640151">
        <testcase name="a pagina de listagem esta acessivel e mostra pessoas" file="tests\Feature\PessoaTest.php::a pagina de listagem esta acessivel e mostra pessoas" class="Tests\Feature\PessoaTest" classname="Tests.Feature.PessoaTest" assertions="6" time="1.413629"/>
        <testcase name="a busca por nome ou apelido funciona corretamente" file="tests\Feature\PessoaTest.php::a busca por nome ou apelido funciona corretamente" class="Tests\Feature\PessoaTest" classname="Tests.Feature.PessoaTest" assertions="3" time="1.136125"/>
        <testcase name="a pagina de criacao esta acessivel" file="tests\Feature\PessoaTest.php::a pagina de criacao esta acessivel" class="Tests\Feature\PessoaTest" classname="Tests.Feature.PessoaTest" assertions="4" time="1.146415"/>
        <testcase name="pode criar uma nova pessoa com sucesso" file="tests\Feature\PessoaTest.php::pode criar uma nova pessoa com sucesso" class="Tests\Feature\PessoaTest" classname="Tests.Feature.PessoaTest" assertions="4" time="0.902751"/>
        <testcase name="pode criar pessoa com restricoes de saude e foto" file="tests\Feature\PessoaTest.php::pode criar pessoa com restricoes de saude e foto" class="Tests\Feature\PessoaTest" classname="Tests.Feature.PessoaTest" assertions="7" time="1.038833"/>
        <testcase name="pode criar uma pessoa com parceiro" file="tests\Feature\PessoaTest.php::pode criar uma pessoa com parceiro" class="Tests\Feature\PessoaTest" classname="Tests.Feature.PessoaTest" assertions="4" time="1.024160"/>
        <testcase name="nao pode criar uma pessoa com dados invalidos" file="tests\Feature\PessoaTest.php::nao pode criar uma pessoa com dados invalidos" class="Tests\Feature\PessoaTest" classname="Tests.Feature.PessoaTest" assertions="3" time="0.836213"/>
        <testcase name="a pagina de visualizacao e edicao esta acessivel" file="tests\Feature\PessoaTest.php::a pagina de visualizacao e edicao esta acessivel" class="Tests\Feature\PessoaTest" classname="Tests.Feature.PessoaTest" assertions="3" time="1.208448"/>
        <testcase name="retorna 404 para show/edit de pessoa inexistente" file="tests\Feature\PessoaTest.php::retorna 404 para show/edit de pessoa inexistente" class="Tests\Feature\PessoaTest" classname="Tests.Feature.PessoaTest" assertions="1" time="1.015518"/>
        <testcase name="pode atualizar uma pessoa existente com sucesso" file="tests\Feature\PessoaTest.php::pode atualizar uma pessoa existente com sucesso" class="Tests\Feature\PessoaTest" classname="Tests.Feature.PessoaTest" assertions="4" time="0.889203"/>
        <testcase name="pode atualizar pessoa com novas restricoes de saude" file="tests\Feature\PessoaTest.php::pode atualizar pessoa com novas restricoes de saude" class="Tests\Feature\PessoaTest" classname="Tests.Feature.PessoaTest" assertions="5" time="1.140757"/>
        <testcase name="pode excluir uma pessoa com sucesso" file="tests\Feature\PessoaTest.php::pode excluir uma pessoa com sucesso" class="Tests\Feature\PessoaTest" classname="Tests.Feature.PessoaTest" assertions="4" time="0.888098"/>
      </testsuite>
      <testsuite name="Tests\Feature\RoleControllerTest" file="tests\Feature\RoleControllerTest.php" tests="4" assertions="10" errors="0" failures="0" skipped="0" time="3.728930">
        <testcase name="`RoleController` → admin can access role list" file="tests\Feature\RoleControllerTest.php::`RoleController` → admin can access role list" class="Tests\Feature\RoleControllerTest" classname="Tests.Feature.RoleControllerTest" assertions="3" time="1.031596"/>
        <testcase name="`RoleController` → non-admin cannot access role list" file="tests\Feature\RoleControllerTest.php::`RoleController` → non-admin cannot access role list" class="Tests\Feature\RoleControllerTest" classname="Tests.Feature.RoleControllerTest" assertions="1" time="0.885693"/>
        <testcase name="`RoleController` → admin can update roles" file="tests\Feature\RoleControllerTest.php::`RoleController` → admin can update roles" class="Tests\Feature\RoleControllerTest" classname="Tests.Feature.RoleControllerTest" assertions="4" time="0.868606"/>
        <testcase name="`RoleController` → validates role input" file="tests\Feature\RoleControllerTest.php::`RoleController` → validates role input" class="Tests\Feature\RoleControllerTest" classname="Tests.Feature.RoleControllerTest" assertions="2" time="0.943035"/>
      </testsuite>
      <testsuite name="Tests\Feature\Services\EventoServiceTest" file="tests\Feature\Services\EventoServiceTest.php" tests="5" assertions="7" errors="0" failures="0" skipped="0" time="5.143877">
        <testcase name="`EventoService` → calcula pontuacao corretamente" file="tests\Feature\Services\EventoServiceTest.php::`EventoService` → calcula pontuacao corretamente" class="Tests\Feature\Services\EventoServiceTest" classname="Tests.Feature.Services.EventoServiceTest" assertions="1" time="1.314866"/>
        <testcase name="`EventoService` → calcula ranking corretamente" file="tests\Feature\Services\EventoServiceTest.php::`EventoService` → calcula ranking corretamente" class="Tests\Feature\Services\EventoServiceTest" classname="Tests.Feature.Services.EventoServiceTest" assertions="2" time="0.989442"/>
        <testcase name="`EventoService` → upload de foto do evento" file="tests\Feature\Services\EventoServiceTest.php::`EventoService` → upload de foto do evento" class="Tests\Feature\Services\EventoServiceTest" classname="Tests.Feature.Services.EventoServiceTest" assertions="2" time="0.842930"/>
        <testcase name="`EventoService` → exclui evento com foto" file="tests\Feature\Services\EventoServiceTest.php::`EventoService` → exclui evento com foto" class="Tests\Feature\Services\EventoServiceTest" classname="Tests.Feature.Services.EventoServiceTest" assertions="1" time="1.100870"/>
        <testcase name="`EventoService` → confirma participacao" file="tests\Feature\Services\EventoServiceTest.php::`EventoService` → confirma participacao" class="Tests\Feature\Services\EventoServiceTest" classname="Tests.Feature.Services.EventoServiceTest" assertions="1" time="0.895770"/>
      </testsuite>
      <testsuite name="Tests\Feature\Services\VoluntarioServiceTest" file="tests\Feature\Services\VoluntarioServiceTest.php" tests="5" assertions="6" errors="0" failures="0" skipped="0" time="4.503226">
        <testcase name="`VoluntarioService` → pode realizar candidatura com sucesso" file="tests\Feature\Services\VoluntarioServiceTest.php::`VoluntarioService` → pode realizar candidatura com sucesso" class="Tests\Feature\Services\VoluntarioServiceTest" classname="Tests.Feature.Services.VoluntarioServiceTest" assertions="1" time="0.816082"/>
        <testcase name="`VoluntarioService` → falha candidatura com habilidade curta" file="tests\Feature\Services\VoluntarioServiceTest.php::`VoluntarioService` → falha candidatura com habilidade curta" class="Tests\Feature\Services\VoluntarioServiceTest" classname="Tests.Feature.Services.VoluntarioServiceTest" assertions="1" time="1.102680"/>
        <testcase name="`VoluntarioService` → falha candidatura com caracteres repetidos" file="tests\Feature\Services\VoluntarioServiceTest.php::`VoluntarioService` → falha candidatura com caracteres repetidos" class="Tests\Feature\Services\VoluntarioServiceTest" classname="Tests.Feature.Services.VoluntarioServiceTest" assertions="1" time="0.970182"/>
        <testcase name="`VoluntarioService` → falha candidatura sem nenhuma equipe" file="tests\Feature\Services\VoluntarioServiceTest.php::`VoluntarioService` → falha candidatura sem nenhuma equipe" class="Tests\Feature\Services\VoluntarioServiceTest" classname="Tests.Feature.Services.VoluntarioServiceTest" assertions="1" time="0.810564"/>
        <testcase name="`VoluntarioService` → pode confirmar voluntario" file="tests\Feature\Services\VoluntarioServiceTest.php::`VoluntarioService` → pode confirmar voluntario" class="Tests\Feature\Services\VoluntarioServiceTest" classname="Tests.Feature.Services.VoluntarioServiceTest" assertions="2" time="0.803719"/>
      </testsuite>
      <testsuite name="Tests\Feature\Settings\PasswordUpdateTest" file="tests\Feature\Settings\PasswordUpdateTest.php" tests="2" assertions="5" errors="0" failures="0" skipped="0" time="2.702617">
        <testcase name="password can be updated" file="tests\Feature\Settings\PasswordUpdateTest.php::password can be updated" class="Tests\Feature\Settings\PasswordUpdateTest" classname="Tests.Feature.Settings.PasswordUpdateTest" assertions="2" time="1.436834"/>
        <testcase name="correct password must be provided to update password" file="tests\Feature\Settings\PasswordUpdateTest.php::correct password must be provided to update password" class="Tests\Feature\Settings\PasswordUpdateTest" classname="Tests.Feature.Settings.PasswordUpdateTest" assertions="3" time="1.265783"/>
      </testsuite>
      <testsuite name="Tests\Feature\Settings\ProfileUpdateTest" file="tests\Feature\Settings\ProfileUpdateTest.php" tests="5" assertions="16" errors="0" failures="0" skipped="0" time="6.151158">
        <testcase name="profile page is displayed" file="tests\Feature\Settings\ProfileUpdateTest.php::profile page is displayed" class="Tests\Feature\Settings\ProfileUpdateTest" classname="Tests.Feature.Settings.ProfileUpdateTest" assertions="1" time="1.697542"/>
        <testcase name="profile information can be updated" file="tests\Feature\Settings\ProfileUpdateTest.php::profile information can be updated" class="Tests\Feature\Settings\ProfileUpdateTest" classname="Tests.Feature.Settings.ProfileUpdateTest" assertions="4" time="1.175969"/>
        <testcase name="email verification status is unchanged when email address is unchanged" file="tests\Feature\Settings\ProfileUpdateTest.php::email verification status is unchanged when email address is unchanged" class="Tests\Feature\Settings\ProfileUpdateTest" classname="Tests.Feature.Settings.ProfileUpdateTest" assertions="2" time="1.122904"/>
        <testcase name="user can delete their account" file="tests\Feature\Settings\ProfileUpdateTest.php::user can delete their account" class="Tests\Feature\Settings\ProfileUpdateTest" classname="Tests.Feature.Settings.ProfileUpdateTest" assertions="5" time="0.947045"/>
        <testcase name="correct password must be provided to delete account" file="tests\Feature\Settings\ProfileUpdateTest.php::correct password must be provided to delete account" class="Tests\Feature\Settings\ProfileUpdateTest" classname="Tests.Feature.Settings.ProfileUpdateTest" assertions="4" time="1.207698"/>
      </testsuite>
      <testsuite name="Tests\Feature\TipoMovimentoTest" file="tests\Feature\TipoMovimentoTest.php" tests="4" assertions="11" errors="0" failures="0" skipped="0" time="3.780209">
        <testcase name="a pagina de listagem de tipo de movimento esta acessivel" file="tests\Feature\TipoMovimentoTest.php::a pagina de listagem de tipo de movimento esta acessivel" class="Tests\Feature\TipoMovimentoTest" classname="Tests.Feature.TipoMovimentoTest" assertions="2" time="1.049353"/>
        <testcase name="a pagina de criacao de tipo de movimento esta acessivel" file="tests\Feature\TipoMovimentoTest.php::a pagina de criacao de tipo de movimento esta acessivel" class="Tests\Feature\TipoMovimentoTest" classname="Tests.Feature.TipoMovimentoTest" assertions="1" time="1.084565"/>
        <testcase name="pode criar um novo tipo de movimento com sucesso" file="tests\Feature\TipoMovimentoTest.php::pode criar um novo tipo de movimento com sucesso" class="Tests\Feature\TipoMovimentoTest" classname="Tests.Feature.TipoMovimentoTest" assertions="4" time="0.857703"/>
        <testcase name="nao pode criar um tipo de movimento sem a descricao" file="tests\Feature\TipoMovimentoTest.php::nao pode criar um tipo de movimento sem a descricao" class="Tests\Feature\TipoMovimentoTest" classname="Tests.Feature.TipoMovimentoTest" assertions="4" time="0.788587"/>
      </testsuite>
      <testsuite name="Tests\Feature\TipoResponsavelTest" file="tests\Feature\TipoResponsavelTest.php" tests="4" assertions="10" errors="0" failures="0" skipped="0" time="3.977566">
        <testcase name="a pagina de listagem de tipo de responsavel esta acessivel" file="tests\Feature\TipoResponsavelTest.php::a pagina de listagem de tipo de responsavel esta acessivel" class="Tests\Feature\TipoResponsavelTest" classname="Tests.Feature.TipoResponsavelTest" assertions="2" time="1.080454"/>
        <testcase name="a pagina de criacao de tipo de responsavel esta acessivel" file="tests\Feature\TipoResponsavelTest.php::a pagina de criacao de tipo de responsavel esta acessivel" class="Tests\Feature\TipoResponsavelTest" classname="Tests.Feature.TipoResponsavelTest" assertions="1" time="1.288341"/>
        <testcase name="pode criar um novo tipo de responsavel com sucesso" file="tests\Feature\TipoResponsavelTest.php::pode criar um novo tipo de responsavel com sucesso" class="Tests\Feature\TipoResponsavelTest" classname="Tests.Feature.TipoResponsavelTest" assertions="4" time="0.812136"/>
        <testcase name="nao pode criar um tipo de responsavel sem a descricao" file="tests\Feature\TipoResponsavelTest.php::nao pode criar um tipo de responsavel sem a descricao" class="Tests\Feature\TipoResponsavelTest" classname="Tests.Feature.TipoResponsavelTest" assertions="3" time="0.796635"/>
      </testsuite>
      <testsuite name="Tests\Feature\TipoSituacaoTest" file="tests\Feature\TipoSituacaoTest.php" tests="4" assertions="10" errors="0" failures="0" skipped="0" time="4.032095">
        <testcase name="shows the tiporesponsavel list page" file="tests\Feature\TipoSituacaoTest.php::shows the tiporesponsavel list page" class="Tests\Feature\TipoSituacaoTest" classname="Tests.Feature.TipoSituacaoTest" assertions="2" time="1.148493"/>
        <testcase name="a pagina de criacao de tipo de situacao esta acessivel" file="tests\Feature\TipoSituacaoTest.php::a pagina de criacao de tipo de situacao esta acessivel" class="Tests\Feature\TipoSituacaoTest" classname="Tests.Feature.TipoSituacaoTest" assertions="1" time="1.035379"/>
        <testcase name="pode criar um novo tipo de situacao com sucesso" file="tests\Feature\TipoSituacaoTest.php::pode criar um novo tipo de situacao com sucesso" class="Tests\Feature\TipoSituacaoTest" classname="Tests.Feature.TipoSituacaoTest" assertions="4" time="0.982928"/>
        <testcase name="nao pode criar um tipo de situacao sem a descricao" file="tests\Feature\TipoSituacaoTest.php::nao pode criar um tipo de situacao sem a descricao" class="Tests\Feature\TipoSituacaoTest" classname="Tests.Feature.TipoSituacaoTest" assertions="3" time="0.865295"/>
      </testsuite>
      <testsuite name="Tests\Feature\TrabalhadorTest" file="tests\Feature\TrabalhadorTest.php" tests="11" assertions="33" errors="0" failures="0" skipped="0" time="11.301098">
        <testcase name="usuario autenticado pode acessar listagem de trabalhadores" file="tests\Feature\TrabalhadorTest.php::usuario autenticado pode acessar listagem de trabalhadores" class="Tests\Feature\TrabalhadorTest" classname="Tests.Feature.TrabalhadorTest" assertions="2" time="1.115841"/>
        <testcase name="listagem exibe trabalhadores cadastrados" file="tests\Feature\TrabalhadorTest.php::listagem exibe trabalhadores cadastrados" class="Tests\Feature\TrabalhadorTest" classname="Tests.Feature.TrabalhadorTest" assertions="3" time="1.196613"/>
        <testcase name="listagem pode ser filtrada por evento" file="tests\Feature\TrabalhadorTest.php::listagem pode ser filtrada por evento" class="Tests\Feature\TrabalhadorTest" classname="Tests.Feature.TrabalhadorTest" assertions="3" time="1.061891"/>
        <testcase name="usuario pode acessar formulario de candidatura" file="tests\Feature\TrabalhadorTest.php::usuario pode acessar formulario de candidatura" class="Tests\Feature\TrabalhadorTest" classname="Tests.Feature.TrabalhadorTest" assertions="2" time="1.001715"/>
        <testcase name="usuario pode se candidatar como voluntario" file="tests\Feature\TrabalhadorTest.php::usuario pode se candidatar como voluntario" class="Tests\Feature\TrabalhadorTest" classname="Tests.Feature.TrabalhadorTest" assertions="5" time="0.914839"/>
        <testcase name="validacao de candidatura: habilidade curta demais" file="tests\Feature\TrabalhadorTest.php::validacao de candidatura: habilidade curta demais" class="Tests\Feature\TrabalhadorTest" classname="Tests.Feature.TrabalhadorTest" assertions="2" time="0.803935"/>
        <testcase name="validacao de candidatura: nenhuma equipe selecionada" file="tests\Feature\TrabalhadorTest.php::validacao de candidatura: nenhuma equipe selecionada" class="Tests\Feature\TrabalhadorTest" classname="Tests.Feature.TrabalhadorTest" assertions="2" time="0.871666"/>
        <testcase name="admin pode ver lista de montagem de equipes" file="tests\Feature\TrabalhadorTest.php::admin pode ver lista de montagem de equipes" class="Tests\Feature\TrabalhadorTest" classname="Tests.Feature.TrabalhadorTest" assertions="3" time="1.082750"/>
        <testcase name="admin pode confirmar um voluntario como trabalhador" file="tests\Feature\TrabalhadorTest.php::admin pode confirmar um voluntario como trabalhador" class="Tests\Feature\TrabalhadorTest" classname="Tests.Feature.TrabalhadorTest" assertions="5" time="0.807081"/>
        <testcase name="admin pode salvar avaliacao de trabalhador" file="tests\Feature\TrabalhadorTest.php::admin pode salvar avaliacao de trabalhador" class="Tests\Feature\TrabalhadorTest" classname="Tests.Feature.TrabalhadorTest" assertions="3" time="0.888619"/>
        <testcase name="admin pode visualizar quadrante" file="tests\Feature\TrabalhadorTest.php::admin pode visualizar quadrante" class="Tests\Feature\TrabalhadorTest" classname="Tests.Feature.TrabalhadorTest" assertions="3" time="1.556147"/>
      </testsuite>
    </testsuite>
  </testsuite>
</testsuites>
